Row#                 Dated                   WorkEmail
-------------------- ----------------------- ----------------------------------------------------------------------------------------------------------------------------------------------------------------------------------------------------------------------------------------------------------------
1                    2011-05-25 12:09:06.727 mglinter@judge.com
2                    2021-12-28 10:10:19.677 JOsunaSola@judge.com
3                    2022-01-18 13:31:28.947 DLAdsitt@judge.com
4                    2023-06-21 16:05:29.443 MVassillion@judge.com
5                    2024-01-11 10:07:20.390 jbraden@judge.com
6                    2024-01-17 10:32:23.660 cfuessinger@judge.com
7                    2024-02-22 18:44:05.637 msahoo@judge.com
8                    2024-03-21 13:54:29.597 NFernandez01@judge.com
9                    2024-05-15 07:17:21.797 AKumar06@judge.com
10                   2024-05-15 08:12:53.313 MEJudge@judge.com
11                   2024-05-15 08:29:53.573 HShermer@Judge.com

(11 rows affected)


Completion time: 2024-05-15T08:51:12.5552226-07:00
